10gen-labs/sleepy.mongoose
99designs/colorific
9miao/firefly
aaasen/github_globe
Aaln/whit
aaronsw/html2text
aaugustin/django-c10k-demo
adafruit/Adafruit-Raspberry-Pi-Python-Code
adamn/python-webkit2png
adobe/brackets-shell
agiliq/Django-Socialauth
agiliq/merchant
agschwender/pilbox
ahupp/python-magic
aichallenge/aichallenge
ajalt/fuckitpy
albertz/music-player
alecthomas/pawk
alex/django-ajax-validation
alex/django-filter
alex/django-taggit
alex/django-templatetag-sugar
alienhard/SublimeAllAutocomplete
aluzzardi/wssh
amitu/importd
amoffat/focus
amoffat/Inspect-Shell
amoffat/sh
amperka/ino
an0/Letterpress
andialbrecht/sqlparse
andreisavu/mongodb-log
andreisavu/mongodb-log
andresriancho/w3af
AndrewIngram/django-extra-views
andyet/thoonk.py
andymccurdy/redis-py
angular-ui/AngularJS-sublime-package
Anomareh/mynt
ansible/ansible
apache/libcloud
aparo/pyes
apenwarr/redo
apenwarr/sshuttle
apitrace/apitrace
appliedsec/pygeoip
AppScale/appscale
apresta/tagger
Arachnid/bloggart
arc90/git-sweep
armooo/cloudprint
arskom/spyne
arthurk/django-disqus
ask/carrot
ask/python-github2
astanway/Commit-Logs-From-Last-Night
astraw/stdeb
ateska/ramona
atizo/PyTagCloud
audreyr/cookiecutter
autotest/autotest
aws/aws-cli
aziz/PlainTasks
barnybug/cli53
bartTC/django-memcache-status
basak/glacier-cli
basho/riak-python-client
bbangert/velruse
bear/python-twitter
behave/behave
benjaoming/django-wiki
benmatselby/sublime-phpcs
benoitc/couchdbkit
benoitc/flower
benoitc/gunicorn
benoitc/offset
benoitc/restkit
benschwarz/sublime-bower
bfirsh/needle
b-g/processing-sublime
bgreenlee/sublime-github
binaryage/drydrop
binaryage/firelogger.py
binarydud/pyres
binux/lixian.xunlei
biopython/biopython
Birdback/manage.py
bitcoin-abe/bitcoin-abe
bitly/asyncmongo
bitly/data_hacks
Bitmessage/PyBitmessage
bmihelac/django-import-export
bookieio/Bookie
boto/boto
boxeehacks/boxeehack
brack3t/django-braces
bradjasper/django-jsonfield
bradleyayers/django-tables2
brainsik/virtualenv-burrito
bramcohen/DissidentX
bravoserver/bravo
bread-and-pepper/django-userena
breily/juno
BrightcoveOS/Diamond
brosner/django-timezones
brutasse/django-floppyforms
bslatkin/dpxdt
buildbot/buildbot
bup/bup
burnash/gspread
BurntSushi/nflgame
bytefish/facerec
callowayproject/django-categories
CamDavidsonPilon/Probabilistic-Programming-and-Bayesian-Methods-for-Hackers
captn3m0/hackertray
carljm/django-model-utils
carljm/django-secure
carmaa/inception
celery/celery
celery/django-celery
celery/kombu
cement/cement
cgoldberg/multi-mechanize
chapmanb/bcbb
charlierguo/gmail
chineking/cola
chrippa/livestreamer
chrisallenlane/cheat
chrisglass/xhtml2pdf
Citytracking/toner
clintecker/django-chunks
clintecker/python-googleanalytics
clips/pattern
cloudera/hue
clowwindy/shadowsocks
cobbler/cobbler
cobrateam/splinter
codebrainz/geany-themes
codedance/Retaliation
codeforamerica/skillshares
coderholic/django-cities
coffin/coffin
coleifer/django-relationships
coleifer/flask-peewee
coleifer/peewee
colinhowe/monner
collective/icalendar
commandline/flashbake
comoga/django-constance
condemil/Gist
ContinuumIO/blaze
coto/gae-boilerplate
coursera-dl/coursera
cpbotha/nvpy
crsmithdev/arrow
cuckoobox/cuckoo
Cue/fast-python-pb
Cue/scales
cyberdelia/django-pipeline
cyberdelia/metrology
cython/cython
cznweb/genesis
dabeaz/bitey
dae/anki
daeken/Benjen
dagwieers/dstat
dagwieers/unoconv
dahlia/wand
daid/Cura
danecjensen/subscribely
danfairs/django-lazysignup
dan/hivelogic-flickrtouchr
DanMcInerney/LANs.py
darcyliu/google-styleguide
davidcrawford/chronic
daviddrysdale/python-phonenumbers
davidhalter/jedi
dbader/schedule
dboyd13/DSVR
dbr/tvnamer
dcramer/django-devserver
dcramer/django-ratings
dcramer/django-sphinx
dcramer/mangodb
dcramer/taskmaster
ddollar/git-utils
defnull/bottle
defunkt/pystache
demon386/SmartMarkdown
devsnd/cherrymusic
devstructure/blueprint
dfm/osrc
Diaoul/subliminal
diefenbach/django-lfs
digg/lazyboy
digi604/django-smart-selects
disqus/gargoyle
disqus/nydus
disqus/overseer
divegeek/uscode
divio/django-cms
divio/django-shop
djacobs/PyAPNs
django-debug-toolbar/django-debug-toolbar
django/django
django/django-old
django/djangoproject.com
django-extensions/django-extensions
django-mptt/django-mptt
django-nonrel/django-nonrel
django-nonrel/mongodb-engine
djl/vcprompt
dlitz/pycrypto
dmgctrl/django-ztask
dnerdy/factory_boy
docopt/docopt
Doist/bitmapist
dotcloud/cloudlets
dotcloud/docker-py
dotcloud/docker-registry
dotcloud/openstack-docker
dotcloud/zerorpc-python
douban/douban-client
douban/dpark
dound/gae-sessions
driverdan/dropship
dropbox/hydra
dropbox/responses
dstufft/slumber
ducksboard/libsaas
duplys/git-issues
dz0ny/leapcast
dzhibas/SublimePrettyJson
dziegler/django-css
earl/beanstalkc
earle/django-bootstrap
echonest/echoprint-server
echonest/pyechonest
eddorre/SublimeERB
editorconfig/editorconfig-vim
edx/edx-platform
edx/XBlock
egirault/googleplay-api
Eichhoernchen/SiriServer
elasticsales/flask-mongorest
eldarion/biblion
eldarion/brabeion
ella/ella
emesene/emesene
emmetio/livestyle-sublime
emre/storm
EnigmaCurry/blogofile
epinna/Weevely
epio/mantrid
ericflo/django-newcache
ericflo/django-pagination
ericholscher/django-test-utils
erikrose/blessings
erikrose/parsimonious
espeed/bulbs
etherael/Phoneme
etianen/django-reversion
etsy/logster
etsy/MIDAS
etsy/skyline
Eugeny/ajenti
euske/pdfminer
evernote/evernote-sdk-python
exaviorn/RasPiWrite
eyeseast/python-tablefu
ezyang/git-ftp
fabianp/memory_profiler
fabric/fabric
facebook/codemod
facebook/fbconsole
facebook/huxley
facebook/opencompute
facebook/tornado
facelessuser/BracketHighlighter
fagga/transmission-remote-cli
faif/python-patterns
fail2ban/fail2ban
Fantomas42/django-blog-zinnia
farcaller/DashDoc
fatiherikli/dictdiffer
fatiherikli/kule
fbzhong/sublime-jslint
feedhq/feedhq
feincms/feincms
fengli/alipay_python
feross/SpoofMAC
fictivekin/openrecipes
finiteloop/socialcookbook
fiorix/mongo-async-python-driver
fireteam/curlish
fisadev/fisa-vim-config
fitzgen/pycco
fivesheep/chnroutes
flashingpumpkin/django-socialregistration
FogCreek/WebPutty
fogleman/Minecraft
forrestv/p2pool
frankwiles/django-app-metrics
freedomofpress/securedrop
FriendCode/gittle
fritzy/SleekXMPP
fxsjy/jieba
FZambia/centrifuge
gabrielfalcao/HTTPretty
gabrielfalcao/lettuce
gabrielfalcao/sure
ganglia/gmond_python_modules
gaubert/gmvault
gawel/pyquery
gbin/err
gcollazo/BrowserRefresh-Sublime
gcollazo/Fabulous
gelstudios/gitfiti
GeoNode/geonode
geopy/geopy
getnikola/nikola
getpelican/pelican
getsentry/raven-python
getsentry/sentry
gfxmonk/python-readability
git-cola/git-cola
github/pycon2011
gitpython-developers/GitPython
gittip/shields.io
gittip/www.gittip.com
gleicon/restmq
gleitz/howdoi
globocom/thumbor
gmate/gmate
gnemoug/distribute_crawler
goldsmith/Wikipedia
googleglass/mirror-quickstart-python
google/pinject
gorakhargosh/watchdog
gornostal/Modific
gotcha/ipdb
gpjt/webgl-lessons
grangier/python-goose
graphite-project/carbon
graphite-project/whisper
GraylinKim/sc2reader
gregmalcolm/python_koans
gregmuellegger/django-mobile
gregs1104/pgtune
grundprinzip/sublemacspro
gruns/furl
Guake/guake
guillermooo/Vintageous
gurgeh/selfspy
gwik/geventhttpclient
hacktoon/1001
hakanzy/django-system-monitor
halgari/clojure-py
halst/schema
hannes-brt/hebel
hayaku/hayaku
haypo/pysandbox
heroku/heroku-buildpack-python
heroku/WAL-E
Hexxeh/libpebble
Hexxeh/spotify-websocket-api
heynemann/pyccuracy
heynemann/r3
hhatto/autopep8
hiidef/oauth2app
Hipo/Django-API-Playground
hjwp/Test-Driven-Django-Tutorial
hmarr/django-mumblr
hmarr/django-ses
hmason/gitmarks
HonzaKral/django-threadedcomments
hoxu/gitstats
hubert3/iSniff-GPS
huhamhire/huhamhire-hosts
hut/ranger
hyde/hyde
hylang/hy
hyperopt/hyperopt
hzlzh/AlfredWorkflow.com
iambus/xunlei-lixian
iambus/youku-lixian
iamteem/redisco
iBaa/PlexConnect
idan/gistio
idan/oauthlib
ilektrojohn/creepy
inducer/pudb
insanum/gcalcli
Instagram/ec2-ssh
Instagram/python-instagram
Instagram/redis-faina
ipython/ipython
ipython/nbconvert
IronLanguages/main
isnowfy/pydown
isnowfy/snownlp
itsmegb/LazyLibrarian
j2labs/brubeck
JackStouffer/Flask-Foundation
jacobian/djangobook.com
jacobian/django-deployment-workshop
jacobian/django-googlecharts
jacobian/django-multiurl
jacobian/django-pjax
jacobian/django-shorturls
jacquev6/PyGithub
JakeWharton/pidcat
JamezQ/Palaver
jamwt/diesel
japerk/nltk-trainer
jaraco/path.py
jaybaird/python-bloomfilter
jbalogh/django-cache-machine
jbalogh/django-nose
jcartledge/sublime-worksheet
jcassee/django-analytical
jceb/vim-orgmode
jcrocholl/pep8
jdc0589/JsFormat
jdf/processing.py
jeffknupp/sandman
jelmer/dulwich
jensl/critic
jesolem/PCV
jessemiller/HamlPy
jessevdk/cldoc
jezdez/django-avatar
jezdez/django_compressor
jfinkels/flask-restless
jflesch/paperwork
jgorset/facepy
jgorset/fandjango
jiedan/kindlereader
jisaacks/GitGutter
jjlee/mechanize
jkbr/httpie
jodal/pykka
joedicastro/dotfiles
joelthelion/autojump
joestump/django-ajax
johnboxall/django-paypal
john-kurkowski/tldextract
jokkedk/webgrind
joonty/vdebug
jordanm/django-hstore
jorgebastida/django-dajax
jorgebastida/django-dajaxice
jorgebastida/glue
jorgenschaefer/elpy
josegonzalez/beaver
josephmisiti/generic-django-project
joshbohde/django-backbone-example
jreese/spotify-gnome
jrjohansson/scientific-python-lectures
jsfiddle/jsfiddle-issues
jsocol/bleach
jsocol/django-waffle
jsonpickle/jsonpickle
jtauber/dcpu16py
jtauber/django-friends
jtauber/django-mailer
jtauber/django-notification
jtriley/StarCluster
jtwaleson/decrypt
JulianEberius/SublimeRope
Julian/jsonschema
julmon/pg_activity
justquick/django-activity-stream
jyr/MNPP
kachayev/fn.py
kadirpekel/hammock
kamalgill/flask-appengine-template
kamens/gae_mini_profiler
karan/HackerNewsAPI
karan/Projects
kartograph/kartograph.py
kemayo/sublime-text-git
kennethreitz/clint
kennethreitz/dj-static
kennethreitz/elephant
kennethreitz/envoy
kennethreitz/flask-sockets
kennethreitz/grequests
kennethreitz/httpbin
kennethreitz/inbox.py
kennethreitz/legit
kennethreitz/python-guide
kennethreitz/requests
kennethreitz/tablib
kevinw/pyflakes
Kilian/f.lux-indicator-applet
Kilian/Trimage
Kindari/SublimeXdebug
kirang89/bootstrapy
kivy/kivy
kivy/pyjnius
kjordahl/geopandas
klbostee/dumbo
klen/python-mode
kliment/Printrun
kmmbvnr/django-fsm
kmmbvnr/django-jenkins
koenbok/Cactus
Kotti/Kotti
kovidgoyal/calibre
Kozea/Radicale
Kozea/WeasyPrint
KristianOellegaard/django-hvad
kstenerud/iOS-Universal-Framework
kushal/snippets
KvasirSecurity/Kvasir
kvh/ramp
laiwei/thepast
lanyrd/mysql-postgresql-converter
laoqiu/pypress
Lawouach/WebSocket-for-Python
lepture/liquidluck
lexrupy/gmate
lg/murder
licenses/lice
liftoff/GateOne
lihaoyi/macropy
limodou/uliweb
lincolnloop/django-startproject
lincolnloop/python-qrcode
lincolnloop/salmon
LindseyB/starwars-dot-gif
linkedin/indextank-service
liris/websocket-client
liruqi/west-chamber-season-3
lisa-lab/DeepLearningTutorials
lisa-lab/pylearn2
litl/rauth
livid/v2ex
llvmpy/llvmpy
lmacken/pyrasite
localwiki/localwiki
lociii/jukebox
locustio/locust
Lokaltog/powerline
louissobel/Drapache
lra/mackup
lucky/staticgenerator
luispedro/BuildingMachineLearningSystemsWithPython
luispedro/milk
lukaszb/django-guardian
LuminosoInsight/python-ftfy
lunixbochs/actualvim
lunixbochs/sublimelint
lunixbochs/SublimeXiki
lxml/lxml
m0mchil/poclbm
machinalis/quepy
mailgun/flanker
mailgun/shipper
makerbot/ReplicatorG
makinacorpus/spynner
maltize/sublime-text-2-ruby-tests
mapbox/osm-bright
maraujop/django-crispy-forms
maraujop/requests-oauth
marijnh/tern_for_sublime
mariocesar/sorl-thumbnail
martinblech/xmltodict
martinrusev/amonone
martinrusev/django-redis-sessions
martinrusev/imbox
martomo/SublimeTextXdebug
matplotlib/matplotlib
matthewwithanm/django-imagekit
mattupstate/flask-security
mattupstate/overholt
mattwilliamson/arduino-sms-alarm
Max00355/MatchBox
maxcountryman/flask-login
maxme/bitcoin-arbitrage
mazkolain/spotimc
mbi/django-rosetta
mcedit/mcedit
mdipierro/workflow
mediadrop/mediadrop
mfenniak/pyPdf
mhagger/git-imerge
mhartl/rails_tutorial_sublime_text
mher/chartkick.py
michaelfairley/mincemeatpy
michaelhelmick/lassie
michaelliao/sinaweibopy
midgetspy/Sick-Beard
migurski/TileStache
mihaip/readerisdead
mikedewar/d3py
mikeknapp/AppEngine-OAuth-Library
mikemaccana/python-docx
milkbikis/powerline-shell
mininet/mininet
miracle2k/webassets
mirumee/satchless
mitmproxy/mitmproxy
mitmproxy/pathod
mitsuhiko/classy
mitsuhiko/flask
mitsuhiko/flask-oauth
mitsuhiko/flask-sqlalchemy
mitsuhiko/itsdangerous
mitsuhiko/jinja2
mitsuhiko/logbook
mitsuhiko/python-modernize
mitsuhiko/rstblog
mitsuhiko/werkzeug
mjhea0/flaskr-tdd
mmalone/django-caching
mnot/nbhttp
mnot/redbot
mongodb/docs
mongodb/mongo-python-driver
mongodb/motor
MongoEngine/mongoengine
mongolab/dex
Monnoroch/ColorHighlighter
mopidy/mopidy
mothran/bunny
mothran/mongol
moxie0/sslstrip
mozilla/kitsune
mozilla/playdoh
mozilla-services/circus
mozilla/zamboni
mrjoes/flask-admin
mrjoes/sockjs-tornado
mrjoes/tornadio
mrjoes/tornadio2
mrkipling/maraschino
msgpack/msgpack-python
muricoca/crab
musicbrainz/picard
mwaskom/seaborn
mwhite/resume
mycozycloud/cozy-setup
myfreeweb/cssprefixer
myusuf3/delorean
myusuf3/octogit
n1k0/SublimeHighlight
NahimNasser/django-unchained
namlook/mongokit
naparuba/shinken
nathanborror/django-basic-apps
networkx/networkx
newsapps/beeswithmachineguns
ngerakines/commitment
nickstenning/honcho
nicolaiarocci/eve
nicolargo/glances
ninja-ide/ninja-ide
niwibe/django-redis
nlloyd/SubliminalCollaborator
nltk/nltk
nojhan/colout
nose-devs/nose
nryoung/algorithms
nst/objc_dep
numba/numba
nurv/BicaVM
nvbn/everpad
nvie/pip-tools
nvie/rq
nvie/times
NYPL/map-vectorizer
ocelma/python-recsys
odyniec/font-awesome-to-png
ojii/django-classy-tags
ojii/pymaging
okfn/ckan
oldj/SwitchHosts
olgabot/prettyplotlib
omab/django-social-auth
omab/python-social-auth
opdemand/deis
openid/python-openid
opensourcehacker/sevabot
openstack/glance
openstack/horizon
openstack/neutron
openstack/nova
openstack/python-novaclient
openstack/swift
OpenTSDB/tcollector
openyou/emokit
openyou/libfitbit
opsschool/curriculum
orestis/pysmell
o/simmetrica
overshard/pinry
overviewer/Minecraft-Overviewer
oxplot/gcsms
pagekite/Mailpile
paramiko/paramiko
pascalw/Airplayer
paulgb/simplediff
paulhammond/webkit2png
pcmanus/ccm
pennersr/django-allauth
perone/stallion
peterbe/django-static
peterbe/mincss
peterbe/premailer
pgollakota/django-chartit
phreeza/cells
pika/pika
pinard/Pymacs
pinax/pinax
pinry/pinry
piskvorky/gensim
playframework/play1
plivo/plivoframework
poeschko/Mathics
poise/python
ponyorm/pony
posativ/acrylamid
posativ/isso
praw-dev/praw
progrium/ginkgo
progrium/keychain.io
progrium/localtunnel
progrium/skypipe
projecthamster/hamster
pudo/dataset
pwnieexpress/raspberry_pwn
pybrain/pybrain
pycassa/pycassa
pydanny/django-admin2
pydanny/django-uni-form
pydanny/django-wysiwyg
pydata/pandas
pydata/pydata-book
pyinstaller/pyinstaller
pyinvoke/invoke
pyjs/pyjs
Pylons/pyramid
pymc-devs/pymc
PyMySQL/PyMySQL
pypa/pip
pypa/virtualenv
pypy/pypy
PyTables/PyTables
pythoncn/june
python-excel/xlrd
python-excel/xlwt
pythonforfacebook/facebook-sdk
python-imaging/Pillow
pythonium/pythonium
qtile/qtile
quantmind/pulsar
quantopian/zipline
rabbitmq/rabbitmq-tutorials
racker/falcon
rackerlabs/python-cloudfiles
rapidsms/rapidsms
rdegges/django-skel
RDFLib/rdflib
reddit/reddit
rembo10/headphones
reviewboard/reviewboard
revolunet/sublimetext-markdown-preview
rfk/django-supervisor
rg3/youtube-dl
rhec/pyelasticsearch
Rip-Rip/clang_complete
rlisagor/freshen
robcowie/SublimeTODO
rob-mccann/Pi-Voice
Robot-Will/Stino
ronnix/fabtools
rosarior/mayan
rossp/django-helpdesk
Rotten194/summarize.py
rspivak/slimit
rstacruz/sparkup
rtfd/readthedocs.org
rthalley/dnspython
rubik/radon
rupa/sprunge
RuudBurger/CouchPotatoServer
RuudBurger/CouchPotatoV1
Rydgel/Fake-images-please
s3tools/s3cmd
sabnzbd/sabnzbd
saghul/pythonz
saltstack/salt
saltstack/salt-cloud
samarudge/dnsyo
sametmax/0bin
samirahmed/fu
samluescher/django-form-designer
sampsyo/beets
samuelclay/NewsBlur
samuel/kokki
samuel/python-munin
samuraisam/pyapns
SamyPesse/glass.py
saucelabs/monocle
sbp/phenny
Scarygami/mirror-api
schacon/hg-git
scikit-image/scikit-image
scipy-lectures/scipy-lecture-notes
sciyoshi/pyfacebook
scottrice/Ice
scrapy/dirbot
scrapy/scrapely
scrapy/scrapy
ScrumDoLLC/ScrumDo
sean-/flask-skeleton
seanliang/ConvertToUTF8
seatgeek/fuzzywuzzy
seatgeek/sixpack
sebastien/cuisine
sebastien/monitoring
sebleier/django-redis-cache
seb-m/pyinotify
sehmaschine/django-filebrowser
seomoz/shovel
serverdensity/python-daemon
shazow/urllib3
shipyard/shipyard
sightmachine/SimpleCV
simon-weber/Unofficial-Google-Music-API
simpleai-team/simpleai
simplegeo/python-oauth2
simplejson/simplejson
sinacloud/sae-python-dev-guide
sindresorhus/editorconfig-sublime
sindresorhus/sublime-autoprefixer
sindresorhus/sublime-jsrun
SirVer/ultisnips
sivel/speedtest-cli
sivy/pystatsd
sixohsix/twitter
sjl/t
skazhy/github-decorator
skorokithakis/django-annoying
skuroda/Sublime-AdvancedNewFile
sloria/TextBlob
SmileyChris/easy-thumbnails
snarez/voltron
socketubs/pyhn
soimort/you-get
sokolovstas/SublimeWebInspector
somerandomdude/Iconic
sourcefabric/Booktype
spadgos/sublime-jsdocs
spesmilo/electrum
spotify/luigi
spulec/freezegun
spulec/moto
sqlmapproject/sqlmap
square/SocketRocket
sricola/socode
sripathikrishnan/redis-rdb-tools
srusskih/SublimeJEDI
sshwsfc/django-xadmin
Stanford-Online/class2go
statsmodels/statsmodels
stefanfoulis/django-filer
stephenmcd/cartridge
stephenmcd/django-forms-builder
stephenmcd/mezzanine
stochastic-technologies/goatfish
stochastic-technologies/shortuuid
SublimeCodeIntel/SublimeCodeIntel
sublimehq/anim_encoder
sublimehq/Vintage
SublimeLinter/SublimeLinter3
SublimeText/CTags
SublimeText/LaTeXTools
SublimeText-Markdown/MarkdownEditing
SublimeText/Origami
SublimeText/Tag
SublimeText/TrailingSpaces
SublimeText/VintageEx
sunlightlabs/openstates
Suor/funcy
Supervisor/supervisor
surfly/gevent
sympy/sympy
SyrusAkbary/Flask-SuperAdmin
SyrusAkbary/pyjade
tanepiper/SublimeText-Nodejs
tangentlabs/django-oscar
taobao/nginx-book
tarekziade/boom
tavendo/AutobahnPython
tav/tweetapp
tednaleid/sublime-EasyMotion
texit/texit
tgalal/wazapp
tgalal/yowsup
thadeusb/flask-cache
thauber/django-schedule
Theano/Theano
thearn/webcam-pulse-detector
thiderman/doge
thomasf/exitwp
timothycrosley/isort
titoBouzout/SideBarEnhancements
tkaemming/django-subdomains
tmc/gevent-zeromq
tmm1/gdb.rb
toastdriven/django-haystack
toastdriven/django-tastypie
toastdriven/itty
toastdriven/pysolr
tobami/codespeed
tobami/littlechef
tobami/overmind
toffer/iphone-sms-backup
tomchristie/django-rest-framework
tomekwojcik/envelopes
tomerfiliba/plumbum
tony/tmuxp
TooTallNate/node-gyp
tooxie/shiva-server
topazproject/topaz
toscanini/maestro
tow/sunburnt
transifex/transifex
treeio/treeio
trentm/python-markdown2
trustedsec/social-engineer-toolkit
trybeee/GitStats
tschellenbach/Django-facebook
tsileo/bakthat
tualatrix/ubuntu-tweak
tvooo/sublime-grunt
tweepy/tweepy
twilio/flask-restful
twilio/stashboard
twilio/twilio-python
twissandra/twissandra
twisted/twisted
twoscoops/django-twoscoops-project
uams/geturl
unbit/uwsgi-docs
uskudnik/amazon-glacier-cmd-interface
utahta/pythonbrew
vandersonmota/model_mommy
VerbalExpressions/PythonVerbalExpressions
vicalloy/LBForum
victorporof/Sublime-JSHint
vimeo/graph-explorer
VitaliyRodnenko/geeknote
vvk-ehk/evalimine
waawal/undead
wal-e/wal-e
wallproxy/wallproxy
waylan/Python-Markdown
wbond/package_control_channel
wbond/sublime_alignment
wbond/sublime_package_control
wdas/reposado
web2py/web2py
webnotes/erpnext
webpy/webpy
weslly/ColorPicker
whtsky/WeRoBot
william-os4y/fapws3
wong2/xiaohuangji-new
wrobstory/folium
wunki/django-salted
wuub/SublimeREPL
Xavura/CoffeeScript-Sublime-Plugin
xb95/nagios-api
xenith/django-base-template
xiaoxu193/PyTeaser
xuming/micolog
yandex-load/yandex-tank
Yelp/mrjob
Yelp/Testify
yhat/ggplot
yinwang0/psydiff
yourcelf/django-registration-defaults
yourlabs/django-autocomplete-light
yueyoum/social-oauth
zacharyvoase/humanhash
zacharyvoase/jsonpipe
zacharyvoase/markdoc
zacharyvoase/zmqc
zapier/django-drip
zapier/django-knowledge
zedshaw/fuqit
zedshaw/lamson
zedshaw/python-lust
zeromq/pyzmq
zsh-users/zsh-completions
zzzeek/sqlalchemy
