23Skidoo/ghc-parmake
abesto/hs-mastermind
AccelerateHS/accelerate
AccelerateHS/accelerate-backend-kit
AccelerateHS/accelerate-cuda
AccelerateHS/accelerate-examples
AccelerateHS/accelerate-io
acfoltzer/minecraft-data
acfoltzer/Molog
acfoltzer/nbt
acfoltzer/text-register-machine
acfoltzer/vector-space-opengl
acid-state/acid-state
acowley/ply-loader
acowley/roshask
acowley/vinyl-gl
acw/eve
acw/xml-helpers
adamgundry/inch
adamgundry/type-inference
afcowie/http-streams
afcowie/pipes-http
afpug/euler
agda/agda-system-io
agocorona/decisionflow
agocorona/MFlow
agocorona/TCache
agocorona/Workflow
ahammar/placeholders
ahushh/Monaba
airbnb/sssp
ajhc/ajhc
ajhc/demo-android-ndk
ajnsit/wai-routes
akaspin/couchdb-conduit
alang9/hmatrix-quadprogpp
alanz/hjsmin
alanz/language-javascript
albertoruiz/easyVision
albertoruiz/hmatrix
AldenJole/handlr
aleator/CV
alephnullplex/cradle
alevy/cs240h-lab1
alevy/mc-hs
AlexBaranosky/Haskell-String-Calculator-Kata
alexgadea/fun-gui
alistra/data-structure-inferrer
almost/Haskell-Fun
alphaHeavy/itch
alphaHeavy/protobuf
alphaHeavy/protocol-buffers
alphaHeavy/shake-install
alpmestan/glfw-b-quick-example
alpmestan/hnn
alpmestan/HNN-0.1
alpmestan/kmeans-vector
alsonkemp/turbinado
alsonkemp/turbinado-website
amccausl/HSolr
amccausl/RDF4H
amiller/generic-ads
amutake/psg-scheme
analytics/analytics
ananthakumaran/webify
AndreasVoellmy/nettle-openflow
AndreasVoellmy/Threadscope-mio
andrewdougherty/svm
andreyLevushkin/LambdaWars
Andrey-Sisoyev/PCLT
andygill/blank-canvas
anton-k/ru-haskell-book
anttisalonen/cgen
anttisalonen/freekick2
anttisalonen/hogre
anttisalonen/starrover2
apiengine/network-api-support
apiengine/pin
archhaskell/archlinux
archhaskell/cabal2arch
archhaskell/habs
arianvp/Haskeme
aristidb/aws
aristidb/http-types
arjuncomar/revelation
arjunguha/haskell-couchdb
arnihermann/timedreb2erl
arsenm/Clutterhs
a-shen/commenter
asmyers/opengl-tutorial-examples
astro/hashvortex
atemerev/icfpc2013
audreyt/regex-genex
audreyt/regex-pcre-builtin
aycanirican/hlibev
b52/kata-poker
baldo/hacman
bartavelle/language-puppet
BartMassey/extensible-printf
BartMassey/hseq
basvandijk/case-insensitive
basvandijk/lifted-base
basvandijk/monad-control
basvandijk/rss
basvandijk/threads
basvandijk/usb
batterseapower/access-time
batterseapower/ansi-terminal
batterseapower/ansi-wl-pprint
batterseapower/chsc
batterseapower/edit-distance
batterseapower/hswf
batterseapower/machine-learning
batterseapower/openshake
batterseapower/parallel-io
batterseapower/test-framework
bcoppens/HaskellSshClient
beastaugh/hatt
bendmorris/scotch
benkolera/haskell-chess
benmachine/dice
benmachine/haskell-src-meta
benmachine/pointfree
benmachine/stepeval
bennofs/haemu
Berengal/SFML---Haskell-bindings
bergmark/mmdoc
bernstein/breakout
bertm/Modular-Haskell-GUI
bgamari/bayes-stack
bgamari/packing
bhickey/cloudyfs
biilmann/eventsource-broker
bitc/hdevtools
bitc/lushtags
bitonic/suggest
bitonic/sundown
bjin/puzzles
bjpop/berp
bjpop/blip
bjpop/haskell-linux-perf
bjpop/haskell-mpi
bjpop/language-python
bjpop/ministg
bjwbell/NewL-Compiler
blasterpal/my_migrate
BNFC/bnfc
bobatkey/foveran
boegel/GA
bonus500/sc2blog
boothead/fay-frp
boothead/zeromq-conduit
boothj5/haskellhead
bos/aeson
bos/attoparsec
bos/base16-bytestring
bos/base64-bytestring
bos/blaze-textual
bos/bloomfilter
bos/configurator
bos/critbit
bos/criterion
bos/filemanip
bos/hdbc-mysql
bos/llvm
bos/math-functions
bos/mwc-random
bos/mysql
bos/mysql-simple
bos/pool
bos/pronk
bos/rwh
bos/snappy
bos/stanford-cs240h
bos/statistics
bos/strange-loop-2011
bos/text
bos/text-format
bosu/hscope
bpot/boinc-haskell
brafales/xmonad-config
brendanhay/network-metrics
brentonashworth/sitecheck
brixen/Epigram
bscarlet/llvm-general
bsl/bindings-GLFW
bsl/GLFW-b
bsl/GLFW-b-demo
bsl/language-dot
bsnux/xmonad-config
bumptech/montage
bwo/dbus-audacious
cakesolutions/the-pragmatic-haskeller
cdsmith/gloss-web
cdupont/Nomic
CGenie/haskell-snake
cgo/jalla
cgo/threadmanager
chetant/LibClang
chetant/mdp
chowells79/lrucache
chrisdone/bdo
chrisdone/flo
chrisdone/freenect
chrisdone/haskell-docs
chrisdone/hulk
chrisdone/lpaste
chrisdone/nm
chrisdone/pgsql-simple
chrisdone/scrobble
chrisdone/wordcloud
chrisdone/z
chriseidhof/formlets
ChrisKuklewicz/SafeSemaphore
chris-taylor/aima-haskell
christiaanb/clash
christiaanb/fpprac
christiaanb/SoOSiM
CindyLinz/Haskell-KMP
clanehin/roguestar
cobbpg/elerea
cobbpg/sloth2d
cobit/torrent-content
cobit/utp
co-dan/interactive-diagrams
colah/FormatParser
colah/HaskSymb
colah/ImplicitCAD
colah/Pattern-Power
conal/linear-map-gadt
conal/vector-space
copton/bitcoin-script-tools
copumpkin/charm
coreyoconnor/vty
corsis/PortFusion
corsis/splice
cpa/haskellcontracts
cpennington/Stratification
creswick/cabal-dev
creswick/gfI8N
creswick/ihaskell-notebook
csabahruska/bullet
csabahruska/lc-dsl
csabahruska/q3demo
cscherrer/passage
cstorey/random-tyche
cstorey/reservoir
cyga/real-world-haskell
dag/all-about-monads
dagit/haray
dagit/nehe-tuts
DanBurton/Blog
DanBurton/sexy
DanBurton/tardis
danchoi/herbalizer
danidiaz/pianola
Daniel-Diaz/HaTeX
Daniel-Diaz/hatex-guide
Daniel-Diaz/processing
danieldk/alpinocorpus-haskell
daniel-r-austin/FNIStash
DanielWaterworth/siege
danr/hipspec
davean/waldo
davidbeckingsale/xmonad-config
davidbrewer/xmonad-ubuntu-conf
db81/hellno
dbueno/funsat
dbueno/puzzler
deepakjois/blaze-svg
deepakjois/hs-gchart
deepakjois/hs-logo
deepakjois/hs-twitterarchiver
deian/mongoDB-haskell
derek-schaefer/haskell-classifier
devth/li
devyn/TPFS
dfeltey/CompilersFromScratch
dgvncsz0f/hoauth
dgvncsz0f/iyql
diagrams/active
diagrams/diagrams
diagrams/diagrams-contrib
diagrams/diagrams-core
diagrams/diagrams-haddock
diagrams/diagrams-lib
diagrams/diagrams-svg
diagrams/docutils
diegoeche/tupleinstances
dilawar/netlist
disnet/jscheck
divarvel/blog
divipp/ActiveHs
djv/VisualProf
dmansen/haskell-chat
dmbarbour/awelon
dmbarbour/Sirea
dmead/Clojure-translate
dmjio/adhocdb
dmjio/scotty-tls
dmpots/fibon
dmwit/pi-eta-epsilon
docopt/docopt.hs
doitian/xmonad-starter-kit
dom96/ElysiaBot
dom96/SimpleIRC
dorchard/camfort
dorchard/language-fortran
dorchard/ypnos
dpp/LispHaskellIPad
dpx-infinity/udisksevt
DR6/reddit-hs
dragonfly-science/sqlconvert
drbunsen/describe
dreixel/generic-deriving
dreixel/syb
dropbox/image-search
droundy/franchise
droundy/iolaus-broken
dsorokin/aivika
dterei/GhciOnline
dterei/GhcLlvmCodegen
dterei/Hackager
dterei/Research-Papers
dterei/simple
duairc/layers
dwdyer/anorak
dwhitney/esl
dylanmc/Haskell-PDF-Parsing-Library
eamsden/Animas
eamsden/objective-c-ffi
eamsden/pushbasedFRP
edechter/strappy
edwinb/EpiVM
edx/patch-juggler
Eelis/geordi
eevee/project-euler
egisatoshi/egison2
egisatoshi/egison3
egonSchiele/HandsomeSoup
egonSchiele/rdioh
ekmett/ad
ekmett/algebra
ekmett/bifunctors
ekmett/bound
ekmett/bytes
ekmett/categories
ekmett/category-extras
ekmett/comonad
ekmett/constraints
ekmett/contravariant
ekmett/data-lens
ekmett/either
ekmett/ersatz
ekmett/free
ekmett/graphs
ekmett/groupoids
ekmett/indexed
ekmett/kata
ekmett/lens
ekmett/linear
ekmett/machines
ekmett/mtl
ekmett/multipass
ekmett/parsers
ekmett/physics
ekmett/recursion-schemes
ekmett/reducers
ekmett/reflection
ekmett/revisions
ekmett/rounded
ekmett/semigroupoid-extras
ekmett/semigroupoids
ekmett/semigroups
ekmett/sparse
ekmett/speculation
ekmett/streams
ekmett/structures
ekmett/tables
ekmett/tagged
ekmett/time-series
ekmett/trifecta
elbrujohalcon/hPage
elbrujohalcon/wxhnotepad
EleDiaz/Yi-Plugins
eli-frey/cmdtheline
elliottt/dang
elliottt/hsirc
elliottt/hsopenid
elliottt/llvm-pretty
elliottt/remake
enzoh/shekelfxref
ericrasmussen/chromaticleaves
erikcharlebois/elf
erikd/http-proxy
ermine-language/ermine
erochest/snap-heroku
eshq/eventsource-broker
Euterpea/Euterpea
evancz/Elm
evincarofautumn/kitten
exbb2/http-conduit-browser
exclipy/pdata
exit91/enumerator-utils
exKAZUu/haskell-dev-env
ExternalReality/snaplet-sedna
ezyang/hackage-query
ezyang/logitext
facebook/futil
facebook/lex-pass
FalconNL/mc2obj
fatuhoku/haskell-minecraft-tool
favonia/pulse
faylang/fay
faylang/fay-angular
faylang/fay-base
faylang/fay-jquery
faylang/fay-server
faylang/snaplet-fay
Feldspar/feldspar-compiler
Feldspar/feldspar-language
feuerbach/ariadne
feuerbach/regex-applicative
feuerbach/smallcheck
feuerbach/tasty
fffej/haskellprojects
fffej/Keyword-Search
fhaust/pipes-eep
finnsson/aeson-qq
finnsson/test-generator
FlashKorten/recogs
f-me/carma
fortytools/holumbus
fosskers/aura
fpco/github
fpco/gitlib
fpco/haskell-ide
fpco/http-reverse-proxy
fpco/stackage
frankfurt-haskell-user-group/HWebUI
freebsd-haskell/hsporter
freebsd-haskell/ports
freizl/hoauth2
frenetic-lang/netcore-1.0
fujimura/hi
fujimura/spot
fumieval/free-game
fumieval/Lazy-SLYR
fumieval/LazyZ
fumieval/MonadicShooter
fumieval/Monaris
fumieval/xml-lens
Gabriel439/Haskell-DirStream-Library
Gabriel439/Haskell-Errors-Library
Gabriel439/Haskell-Pipes-ByteString-Library
Gabriel439/Haskell-Pipes-Concurrency-Library
Gabriel439/Haskell-Pipes-Library
Gabriel439/Haskell-Pipes-Parse-Library
Gabriel439/Haskell-Pipes-Safe-Library
Gabriel439/pipes-ecosystem
Gabriel439/pipes-platform
Gabriel439/pipes-web
Gabriel439/suns-search
GaloisInc/cereal
GaloisInc/HaLVM
GaloisInc/halvm-base
GaloisInc/HaNS
GaloisInc/ivory
GaloisInc/pads-haskell
GaloisInc/RSA
GaloisInc/SHA
GaloisInc/smaccmpilot-stm32f4
GaloisInc/SpreadsheetML
GaloisInc/xml
gami/project-euler-in-haskell
gcross/error-message
gcross/LogicGrowsOnTrees
gdetrez/gf-predictability
gdetrez/rgl-stats
geekrelief/as3tohaxe
gelisam/conway
gelisam/objc2java
gentoo-haskell/gentoo-haskell
gentoo-haskell/hackport
gergoerdi/kansas-lava-papilio
ghc/ghc
ghc/haddock
ghcjs/diagrams-ghcjs
ghcjs/ghcjs
ghcjs/ghcjs-closure
ghcjs/ghcjs-examples
ghcjs/ghcjs-hterm
ghc/packages-base
ghc/packages-dph
ghc/packages-ghc-prim
ghc/packages-haskeline
ghc/packages-hoopl
ghc/packages-integer-gmp
ghc/packages-process
ghc/packages-template-haskell
ghorn/atmosphere
ghorn/dvda
ghulette/haskell-game-of-life
ghulette/haskell-parser-examples
gibiansky/IHaskell
gimbo/cabal-macosx
giorgidze/DSH-Queries
giorgidze/Hydra
giorgidze/YampaSynth
girving/duck
glguy/minecraft-proxy
glguy/utf8-string
glutamate/bugpan
goldfirere/singletons
graninas/GraphServer
gregorycollins/attoparsec-iteratee
gregorycollins/blaaargh
gregorycollins/hashtables
gregorycollins/homepage
gregwebs/FileLocation.hs
gregwebs/haskell-heroku
gregwebs/haskell-sphinx-client
gregwebs/haskell-xss-sanitize
gregwebs/ParseHelp.hs
gsdlab/clafer
gsdlab/claferIG
gtk2hs/webkit-javascriptcore
guiocavalcanti/haskell-reversi
gurgeh/haskell-phone-push
gwright83/Wheeler
gzrrplox/lumisade
HackerFoo/peg
HalfWayMan/ErrorLocation.hs
hamishmack/vado
hamishmack/yesod-slides
haskell/bytestring
haskell/c2hs
haskell/cabal
HaskellCNOrg/haskellcn
HaskellCNOrg/snap-web
haskell/containers
haskell-distributed/distributed-process
haskell-distributed/distributed-process-demos
haskell-distributed/distributed-process-platform
haskell/hackage-server
haskell/haskell-platform
haskell/HTTP
haskelllive/haskelllive
haskell/network
haskell-opengl/GLUT
haskell-opengl/OpenGL
haskell-opengl/OpenGLRaw
haskell-pkg-janitors/X11
haskell/pretty
haskell/random
haskell-suite/base
haskell-suite/ghc-prim
haskell-suite/haskell-names
haskell-suite/haskell-packages
haskell-suite/haskell-src-exts
haskell-suite/hse-cpp
haskell/win32
haskell/xhtml
HaskVan/HaskellKoans
hdbc/convertible
hdbc/hdbc
hdbc/hdbc-postgresql
hdbc/hdbc-sqlite3
HeinrichApfelmus/operational
HeinrichApfelmus/reactive-banana
HeinrichApfelmus/threepenny-gui
HeinrichApfelmus/tomato-rubato
HeinrichApfelmus/vault
hesselink/regex-crossword
hijarian/complex-integrate
himura/twitter-conduit
HIPERFIT/hopencl
hiratara/TypedPerl
hirschenberger/RollingDirectory
honza/redish
hreinhardt/amqp
hrldcpr/Bezier.hs
hspec/hspec
huangz1990/real-world-haskell-cn
hvr/hs-deepseq-th
hyperq/hyperq
iamjwc/hs-sudoku
iamjwc/vim-in-haskell
Icelandjack/Capabilities
idontgetoutmuch/HasPer
idris-lang/Idris-dev
IFCA/opencl
ijt/hga
ijt/kdtree
ilya-klyuchnikov/lambdapi
ImAlsoGreg/SimpleStreamingGUI
indrekj/shank
informatikr/hedis
insane/kivi
intoverflow/Potential
iquiw/cabal-delete
IreneKnapp/direct-fourier
IreneKnapp/Emerald
irv/tarsnap-backup
isomorphism/hackage2
isomorphism/these
itkovian/HaBench
iu-parfunc/lvars
ivanperez-keera/SoOSiM-ui
ivarnymoen/nanomsg-haskell
ixmatus/grob
ixmatus/oxy
j3h/doc-review
j3h/Haskell-Data-Validation
JackeLee/rabbocop
JacquesCarette/GenCheck
JaimieMurdock/HK
jaked/cufp-metaprogramming-tutorial
JakeWheat/hssqlppp
jamesjb/fret
jamessanders/twine
jamiltron/Thieflike
jamwt/haskell-scalable-server
janrain/riak-haskell-client
jaor/cats
jaor/xmobar
jaspervdj/blaze-html
jaspervdj/dcpu16-hs
jaspervdj/digestive-functors
jaspervdj/download-media-content
jaspervdj/firefly
jaspervdj/hakyll
jaspervdj/hakyll-contrib
jaspervdj/hakyll-examples
jaspervdj/jaspervdj
jaspervdj/number-six
jaspervdj/planet-wars-haskell
jaspervdj/stylish-haskell
jaspervdj/sup-host
jaspervdj/tweetov
jaspervdj/websockets
jaspervdj/websockets-snap
jb55/persist-ordering-test
jb55/pipes-csv
jberryman/simple-actors
jberryman/zippo
jcollard/simple-server
jcollard/unm-hip
JeffHeard/Hieroglyph
JeffHeard/OpenCLRaw
jeffwheeler/hsparql
jekor/redo
jekor/vocabulink
jepst/CloudHaskell
jepst/distributed-process-global
jfischoff/repa-image
jgm/filestore
jgm/gitit
jgm/gitit2
jgm/highlighting-kate
jgm/illuminate
jgm/Markdown
jgm/markdown-peg
jgm/pandoc
jgm/pandoc2
jgm/pandoc-citeproc
jgm/pandoc-types
jgm/texmath
jgm/yst
jgm/zip-archive
jgoerzen/configfile
jgoerzen/datapacker
jgoerzen/ftphs
jgoerzen/hpodder
jgoerzen/hsh
jgoerzen/hslogger
jgoerzen/ldap-haskell
jgoerzen/listlike
jgoerzen/missingh
jgoerzen/missingpy
jgoerzen/photoset
jgoerzen/testpack
jgoerzen/twidge
J-Hannes/digestive-functors-snap-auth-example
jhartikainen/hs-language-php
jhickner/hobbes
jhickner/minions
jhickner/smtp-mail
jkff/splot
jkff/timeplot
jlouis/combinatorrent
jmont/nor
joachifm/hsmtp
joachifm/mpdfs
jochu/image-bin-packing
jodonoghue/wxHaskell
joelburget/assimp
joeyh/git-annex
joeyh/github-backup
johnfn/ghci-in-a-new-dress
JohnLato/language-objc
jonsterling/Foam
jonsterling/Tmux-Haskell
jonsterling/Vinyl
JPMoresmau/BuildWrapper
JPMoresmau/HJVM
JPMoresmau/scion-class-browser
jputcu/serialport
jrockway/dotfiles
js6i/psychofizyka-pole
jspahrsummers/documentalist
jspahrsummers/ObjectiveHaskell
jspahrsummers/RxHaskell
jstepien/oh-no-my-flash-card-is-gone
jstolarek/haskell-testing-stub
jtdaugherty/ak
jtdaugherty/dbmigrations
jtdaugherty/HaskellNet
jtdaugherty/mathblog
jtdaugherty/mix-assembler
jtdaugherty/smtp
jtdaugherty/vty-ui
jthornber/rxgen
jtobin/mighty-metropolis
Julianporter/Distributed-Haskell
Julianporter/Haskell-MapReduce
juretta/spy
justinethier/husk-scheme
justinhanekom/gutenberg-fibonaccis
jvdp/ants
jvdp/cc3
jvranish/MiniKanrenT
jwkvam/ants-haskell
jyp/nano-Agda
jystic/cereal-ieee754
jystic/hlibgit2
k0001/pipes-binary
k0001/pipes-network
k0ral/hbro
kagamilove0707/F2
kallisti-dev/hs-webdriver
kaoskorobase/mescaline
kazu-yamamoto/c10k
kazu-yamamoto/cab
kazu-yamamoto/dns
kazu-yamamoto/ghc-mod
kazu-yamamoto/iproute
kazu-yamamoto/llrbtree
kazu-yamamoto/logger
kazu-yamamoto/mighttpd
kazu-yamamoto/mighttpd2
kazu-yamamoto/recursion-drill
kazu-yamamoto/unit-test-example
kazu-yamamoto/wai-app-file-cgi
keera-studios/keera-posture
keithshep/txt-sushi
kentuckyfriedtakahe/sodium
kewne/japex
kfish/const-math-ghc-plugin
kfish/zoom-cache
kgeorgiy/okasaki
khibino/haskelldb-genschema
khibino/haskell-lfsr
khibino/haskell-relational-record
kianwilcox/haskell-music
killerswan/twitter-unfav
kim/data-ringbuffer
kim/hdfs-haskell
kim/leveldb-haskell
kirel/detexify-hs-backend
kizzx2/illustrated-haskell
KMahoney/Dochi
kmcallister/blog-misc
kmcallister/math-compose
kmcallister/safe-globals
kmcallister/shqq
Knewton/graphduty
kni/redis-sharding-hs
koalaman/shellcheck
kolmodin/binary
kolmodin/spdy
konn/AttoJSON
konn/Yablog
kosmikus/exi
kosmikus/LambdaHack
kosmikus/lhs2tex
kosmikus/multirec
kowey/hakyll-convert
kpotapov/sql-set-2form
kputnam/hee
ktvoelker/Garage
ku-fpg/diagrams-canvas
ku-fpg/hermit
ku-fpg/kansas-lava
ku-fpg/netlist
ku-fpg/sunroof-compiler
kvanberendonck/burrito
Laar/OpenGLRawgen
lapets/compilation
larrytheliquid/Lemmachine
larrytheliquid/neurosis
lassoinc/haskell-cypher
learnhaskell-brisbane/learn
leepike/Copilot
leepike/SmartCheck
legoscia/hsxmpp
leksah/leksah
leksah/leksah-server
leksah/ltk
Lemmih/hsSDL2
Lemmih/lhc
lens/lens-aeson
lens/project-template
leroux/HaskellKoans
LeventErkok/hArduino
LeventErkok/sbv
leventov/yarr
lgastako/polyeuler
liamoc/hilbert
liamoc/opardum-server
liamoc/sprig-hs
liamoc/wizards
lightquake/tumblr-graph
lih/Alpha
liyang/assert
liyang/enummapset-th
liyang/system-posix-redirect
liyang/thyme
llelf/acme-lookofdisapproval
lpeterse/HiggsSet
lpsmith/postgresql-libpq
lpsmith/postgresql-simple
luispedro/hex
luite/hfsevents
luite/selinux
luqui/data-memocombinators
luqui/graphics-drawingcombinators
luqui/hothasktags
luqui/vatican
lykahb/groundhog
lymar/hastache
m4dc4p/cheatsheet
m4dc4p/haskelldb
Macha/Mbot
magthe/cblrepo
mahrz/Craftwerk
mahrz/diagrams-tikz
mainland/language-c-quote
mainland/libltdl
mainland/nikola
Manticore/haskell-sdl-template
maoe/tkyprof
marcmo/blog.coldflake
MarcosPividori/GSoC-Communicating-with-mobile-devices
MarcWeber/hack-nix
mariusaeriksen/bert
markwright/antlrc
martine/c-repl
martine/gat
masaedw/3imp
masaedw/Yiki
MasseR/zsh-battery
massysett/penny
MateVM/harpy
MateVM/hoopl
MateVM/hs-boehmgc
matshch/OTP
mattfenwick/RelationalAlgebra
MaxDaten/Darksiders-Resolution-Tool
mboes/hmk
mbrcknl/btree-gadt
mbrubeck/compleat
mbudde/jana
mcandre/genetics
mcandre/left4deadrl
mcandre/parhello
mchakravarty/BigPixel
mchakravarty/language-c-inline
mcmaniac/conduit-network-stream
mdittmer/hfsnotify
meanpath/robots
mebaran/hs-excelx
MedeaMelana/JsonGrammar
MedeaMelana/Magic
MedeaMelana/Zwaluw
meiersi/blaze-binary
meiersi/blaze-builder
meiersi/HaskellerZ
merijn/SNet2.0
meteficha/esqueleto
meteficha/fb
mfine15/cooperation
mgajda/iterable
Mgccl/mgccl-haskell
mgsloan/api-compat
mgsloan/lenq
mgsloan/marked-text
mgsloan/zeroth
mhwombat/grid
mhwombat/som
michaelfeathers/vih
michaelschade/hs-stripe
MichaelXavier/Angel
MichaelXavier/GooglePlus
MichaelXavier/kickass-torrents-dump-parser
MichaelXavier/vigilance
mightybyte/happstack-auth
mightybyte/hstyle
mightybyte/snaplet-acid-state
mightybyte/snaplet-postgresql-simple
mikeizbicki/HLearn
mikeplus64/hotswap
mikeplus64/Level-0
mikeplus64/QuasiText
mindreader/TInfo
Mistuke/CraftGen
mit-scripts/mmr-hammer
mizon/wikirick
mjsottile/hsgep
mjsottile/publicstuff
mlesniak/game
mlite/HsLlvm
mmirman/caledon
mmirman/ImperativeHaskell
mmirman/rpc-framework
mndrix/network-bitcoin
mokehehe/monao
mokus0/bindings-hdf5
mokus0/fmatrix
mokus0/hs-hdf5
mokus0/hstatsd
mokus0/lambdabot
mokus0/splines
molysgaard/Sirkel
moonmaster9000/bird
motus/haskell-zookeeper-client
MrBones118/Project
mrd/geocode-google
mrd/haskell-quaternion
MrElendig/dotfiles-alice
mruegenberg/Delaunay
msakai/cpl
msakai/toysolver
msgpack/msgpack-haskell
mstone/hsnacl
mvoidex/hdocs
mwotton/heroku_haskell_demo
mwotton/Hubris
mwotton/Hubris-Haskell
mwotton/majordomo
mwotton/porter
myuon/FuncFormat
mzero/barley
mzero/haskell-amuse-bouche
mzero/plush
nathanwiegand/funion
nbartlomiej/gameofhaskell
nbartlomiej/tfoo
ndmitchell/hlint
ndmitchell/hoogle
nelhage/flnv
neothemachine/monadiccp
netrium/Netrium
neurocyte/android-haskell-activity
neurocyte/foreign-jni
nfjinjing/hack
nfjinjing/hack2
nfjinjing/haskell-cocoa-currency-converter-example
nfjinjing/haskore-guide
nfjinjing/loli
nfjinjing/miku
nfjinjing/moe
nfjinjing/nemesis
nh2/call-haskell-from-anything
nh2/haskell-from-python
nick8325/quickcheck
nick8325/quickspec
NicolasT/Bacon-n-Fay
NicolasT/kontiki
NicolasT/paxos
niuk/Hammer
NixOS/cabal2nix
nkpart/flying-sheep-battles
nkpart/fsevents-api
nkpart/kit
nlogax/home
nlogax/norby
nnoell/dotfiles
Noeda/dfterm3
noelmarkham/learn-you-a-haskell-exercises
nominolo/atto-lisp
nominolo/murmur-hash
nominolo/scion
nominolo/union-find
norm2782/snaplet-hdbc
norm2782/uhc-jscript
noteed/ghost
nothingmuch/slowly
nrao/antioch
nurpax/snap-examples
nwf/dyna
ocharles/BookBrainz
ocharles/netwire-classics
ocharles/Orgdex
ocharles/pipes-postgresql-simple
ocharles/snaplet-oauth2
odj/Ouch
oftn/TPFS
olegkat/haskell-memcached
ollef/Bidirectional
Operational-Transformation/ot.hs
osa1/language-lua
ozataman/cassy
ozataman/csv-conduit
ozataman/csv-enumerator
ozataman/restful-snap
ozataman/snap-extension-mongodb
ozataman/snap-extras
Paczesiowa/cabal-install-bundle
Paczesiowa/hsenv
Paczesiowa/virthualenv
Palmik/snaplet-mongodb-minimalistic
Palmik/snap-pastie
Palmik/timers
Palmik/wai-sockjs
patperry/hs-linear-algebra
patperry/hs-monte-carlo
PatrickMaier/HdpH
paulgb/haskell_hadoop
paulrzcz/hquantlib
PaulVisschers/relational-algebra
pbrisbin/devsite
pbrisbin/xmonad-config
pbrisbin/yesod-goodies
pcapriotti/optparse-applicative
pcapriotti/pipes-extra
pcapriotti/pipes-network
pchiusano/datalog-refactoring
Peaker/FreeTypeGL
Peaker/lamdu
pedromartins/cuboid
pepeiborra/control-monad-exception
perurbis/hfreeagent
petermarks/FDL
petermarks/hoodlums-sessions
PeterScott/pwstore
pfcuttle/wirelessinfidel
phaedon/ohiio
pheaver/netlist-verilog
Philonous/hbrowser
Philonous/simple-xmpp-client
phonohawk/HsOpenSSL
pi8027/yadorigi
PieterD/HSGames
piyush-kurur/aim
piyush-kurur/yesod-admin
pjones/thetvdb
plancalculus/cabal-uninstall
plaprade/haskoin
plaprade/haskoin-crypto
plaprade/haskoin-util
pontarius/pontarius-xmpp
Porges/email-validate-hs
portnov/libssh2-hs
proger/hswebq
propella/prolog
puffnfresh/haskell-buildpack-demo
puffnfresh/licentious
qrilka/xmlhdbc
quchen/articles
raimohanska/reactive-bacon
raimohanska/rump
raimohanska/snap-mongo-rest
raimohanska/snap-skeleton
rampion/ReadArgs
RaphaelJ/repa-devil
rCEx/feldspar-lang-small
realdesktop/hfuse
recurziv/haquery
RedMoonStudios/cryptd-lib
reenberg/xmonad
reiddraper/distreader
reinerp/hmatrix-static
reinerp/indexed-extras
revence27/JSON-hs
rfw/php-haskell-prelude
RichiH/git-annex
rightfold/gear
rnons/HadouRex
RobinKrom/fasths
rodrigogadea/hps-kmeans
rodrigosetti/hreddit
rodrigosetti/secret-santa
roelvandijk/base-unicode-symbols
roelvandijk/numerals
roelvandijk/terminal-progress-bar
RommelVR/RayTracer
rrnewton/Haskell-CnC
rrnewton/haskell-lockfree
rrnewton/intel-aes
RudolfVonKrugstein/cocos2d-haskell
rwaldron/subjectisdead
ryantrinkle/memoise
saevarb/battleship
saevarb/Monadbot
SamirTalwar/HaskellHamcrest
sanjoy/DietLISP
sbillig/hyperdex-haskell
scan/Colin
schell/steeloverseer
scottgw/demonL
scravy/simplex
scrz/scrz
scsibug/hbeanstalk
scslab/iterIO
scvalex/daemonize-doublefork
scvalex/daemons
sdiehl/cats
sdiehl/haskell-warp-rest
seanhess/robotquest
sebastiaanvisser/clay
sebastiaanvisser/fclabels
sebastiaanvisser/frp-js
sebastiaanvisser/ghc-goals
sebastiaanvisser/salvia
sebfisch/haskell-regexp
sebfisch/incremental-sat-solver
sebfisch/primes
sebnow/haskell-network-address
secret-adventure/obedient
seinokatsuhiro/koshucode
seizans/happiage
seizans/yesod-tutorial
selectel/hen
seliopou/toml
seliopou/typo
seschwar/mailkwds
shachaf/ghc-core
shangaslammi/haskeroids
shangaslammi/hipmunk
shangaslammi/prose-doc
shayan-najd/Haskell-Desugar
shayan-najd/HTE
sheriff/doublemetaphone-haskell
Shimuuar/fixed-vector
shlevy/xcode2nix
shokos/yesodTutorial
silkapp/PBKDF2
silkapp/xmlhtml-xpath
simoncourtenage/quanthas
simonmar/alex
simonmar/async
simonmar/ghc-paths
simonmar/happy
simonmar/monad-par
simonmar/parconc-examples
simonmar/par-tutorial
simonmichael/hledger
sinelaw/HOpenCV
sinelaw/xml-to-json
singpolyma/git-date-haskell
sixohsix/hssdlgame
sjoerdvisscher/data-category
skogsbaer/hscurses
skogsbaer/HTF
skogsbaer/xmlgen
slindley/dependent-haskell
slindley/effect-handlers
smichal/hs-logic
snapframework/cufp2011
snapframework/heist
snapframework/io-streams
snapframework/snap
snapframework/snap-auth
snapframework/snap-core
snapframework/snap-server
snapframework/snap-static-pages
snapframework/snap-website
snapframework/xmlhtml
snkkid/LazyFooHaskell
snoyberg/basic-prelude
snoyberg/cabal-nirvana
snoyberg/classy-prelude
snoyberg/conduit
snoyberg/data-object-yaml
snoyberg/failure
snoyberg/foundation
snoyberg/haskellers
snoyberg/haskell-web-rosetta
snoyberg/http-conduit
snoyberg/http-enumerator
snoyberg/keter
snoyberg/markdown
snoyberg/mime-mail
snoyberg/web-routes-quasi
snoyberg/xml
snoyberg/yackage
snoyberg/yesoddocs
snoyberg/yesod-fay
snoyberg/yesod-js
snoyberg/yesod-pure
snoyberg/yesodwiki
sof/feed
sof/greencard
softmechanics/warp
sol/doctest-haskell
sol/hspec-expectations
solidsnack/bash
solidsnack/bytestring-nums
solidsnack/maccatcher
sol/pwsafe
sol/uu-parsinglib
sol/v8
sol/vimus
Soostone/snaplet-persistent
sourrust/hyakko
sowawa/haskell_sample
spockz/Haskell-Code-Completion-for-TextMate
srp/mongoDB
srush/Hierarchical-Bayes-Compiler
ssadler/hawk
stanaka/go-rest-api-server
stepcut/hyperdrive
steveklabnik/from_behind
stevenrobertson/cuburn-hs
stevezhee/pec
stucchio/Cloud-capacity-planning
styx/Raincat
substack/haskell-gd
substance/letterpress
svaiter/fay-canvas
svenssonjoel/arbb-vm
svenssonjoel/EmbArBB
sw17ch/plunge
sw17ch/rebox
sweirich/pi-forall
Swizec/Le-Thesis
t3476/heukarya
tanakh/aeson-lens
tanakh/hackage-mirror
tanakh/HongoDB
tanakh/ICFP2011
tanakh/monadius
tanakh/pandoc-html5slide
tanakh/Peggy
tanakh/process-conduit
Taneb/humblr
tarleb/zeitlinse
tategakibunko/hml
tazjin/democrify
teamon/bicod
tehgeekmeister/apters
tel/riemann-hs
Tener/spike
texodus/forml
texodus/ohml
thayerwilliams/msi-xmonad
thiagoarrais/hdbc-oracle
thlorenz/WebToInk
thomasbrus/imperia
thomasf/dotfiles-thomasf-xmonad
thoughtpolice/strict-ghc-plugin
tibbe/benchpress
tibbe/cassava
tibbe/event
tibbe/hashable
tibbe/hyena
tibbe/network-bytestring
tibbe/template
tibbe/unordered-containers
timaschew/Artificial-Neural-Network-with-Haskell
timbod7/haskell-chart
timjb/aeson-schema
timjb/haskell-timsort
tkvogt/unixPoster
tlaitinen/yesod-datatables
tmcdonell/cuda
tmoertel/pxsl-tools
tnarg/haskell-libpq
tobbebex/GPipe
tobiassjosten/haborg
tomahawkins/atom
tomahawkins/ccnx
tomahawkins/ecu
tomahawkins/improve
tomahawkins/mecha
tomahawkins/verilog
tomfitzhenry/TorDNSEL
tomgr/libcspm
TomHammersley/HaskellRenderer
tomlokhorst/AwesomePrelude
tomlokhorst/language-cil
tom-lpsd/tokyocabinet-haskell
TomMD/DRBG
TomMD/entropy
tommythorn/Reduceron
tonymorris/course
tonymorris/geo-osm
tonymorris/lens-proposal
Toxaris/circular
toyvo/libpandoc
tranma/falling-turnip
travisjeffery/haskell-repl
travitch/datalog
travitch/foreign-inference
travitch/hsqml
travitch/llvm-analysis
travitch/llvm-data-interop
travitch/robbed
travitch/taffybar
trystan/silently
tscheff/HSOBJC_Test
tsurucapital/beamable
tsurucapital/euphoria
tsurucapital/parsergen
tvararu/randumb
twadleigh/cuda-npp
Twinside/Juicy.Pixels
Twinside/Webrexp
twittner/zeromq-haskell
txyyss/Lambda-Calculus
tylerkahn/dcpu16-haskell
typLAB/regular-xmlpickler
ucsd-progsys/liquid-fixpoint
ucsd-progsys/liquidhaskell
udoprog/gabriel
udo-stenzel/biohazard
uhc/uhc
ujihisa/haskell-workshop-project-eular
UlfNorell/agda
urv/fixhs
UU-ComputerScience/shuffle
UU-ComputerScience/uhc
UweSchmidt/hxt
UweSchmidt/StringMap
vahokif/hchip
valderman/fursuit
valderman/haste-compiler
valderman/lambdascript
valderman/threefish
vamega/Haskell-SSH-Client
VerbalExpressions/HaskellVerbalExpressions
vicfryzel/xmonad-config
vincentg/hsmagick
vincenthz/cabal-signature
vincenthz/hit
vincenthz/hs-asn1
vincenthz/hs-certificate
vincenthz/hs-cipher-aes
vincenthz/hs-connection
vincenthz/hs-crypto-cipher
vincenthz/hs-fileformat
vincenthz/hs-libgit
vincenthz/hs-securemem
vincenthz/hs-tls
vincenthz/hs-tls-extra
vincenthz/language-java
visi-lang/visi
vito/atomo
vito/atomo-old
vito/hummus
voidlizard/hopc
vpetro/hs-commons-game
w7cook/AoPL
walpurgisriot/witch_house
wavewave/fficxx
wavewave/hoodle
wavewave/hxournal
wereHamster/cabal-lock
willdonnelly/dyre
willdonnelly/xdg-basedir
williamsjj/markdown2manning_tools
worksap-ate/aws-sdk
wowus/stm-conduit
wsong/bistromathics
xdanx/le-cycling
xich/scotty
xmonad/osxmonad
xmonad/xmonad
xrl/zmqhs
yairchu/generator
yairchu/yesod-admin-crud
yav/monadlib
yav/smtLib
yaxu/smooth
yaxu/Tidal
yesodweb/authenticate
yesodweb/benchmarks
yesodweb/cabal-meta
yesodweb/clientsession
yesodweb/shakespeare
yesodweb/wai
yesodweb/yesod
yesodweb/yesod-scaffold
yesodweb/yesodweb.com
yesodweb/yesodweb.com-content
yi-editor/yi
yihuang/haskell-server-tut
yogsototh/learn_haskell
yuga/readpfad
Yuras/pdf-toolbox
yuzutechnology/Community-StartHaskell2011
z0w0/helm
zenzike/snap-extension-hdbc
ZeusWPI/12Urenloop
zhensydow/hhengine
zhuangzi/genrei
zimothy/cabal-test-quickcheck
zimothy/http-quality
zimothy/vicarious
zopa/snaplet-auth-acid
