AcadCoordParser
aclm
acs
add2clip
aepfacts
agoncal-application-petstore-ee6
airline
AirReceiver
akela
akka-zeromq-java
algorithms
Alphabot
Alternator
ambra-registration
amplafi-flow-client
amplafi-flow-core
amplafi-flow-tapestry4
amplafi-hivemind
amplafi-json
amplafi-sworddance
AndroidAsyncTask
android-emulator-plugin
android-flowlayout
android-rss
andruil
annotation-cli
anthavio-commons
AntiCheat
AntiShare
apegum-fred
apkConsonle
AppDev-CIT
ArcGISWebApp
Archimulator
archiva
ardublock
arduino-cli
argparse4j
args
args4j
args4j-commands
arguments
ark-bank-module
artifactory-cli
asksg
AssemblyLineFurnace
asterisk-java
atemia-projects-manager
athena
Athena
atlas
atmosphere-sample
autoconfigure
AutoMod
AutoRefereeCML
autorun
AutoStop
aws-sdk-for-java
b3log-solo
bandit-ranking
bank
BannedItems
base
baseqa
basex
basex-api
basil
Batcher
bChatManager
Bdtheque
bean-validate-plugin
belteshazzar-geojson
Better
bible4j
BigBrother
Billeterie
Binder
bitcoin-arbitrage
bitcoind-client
Bit-lib4j
bluecove
blueredis
boilerpipe
bonecp
Bounce
BPC
brcm-accounts-api
brut.apktool
bubobubo-proxy
bugsnag-android
build-failure-analyzer-plugin
builds
build-view-column-plugin
Bukkit
Bukkit-Bleeding
BukkitGameModeShortcut
Bukkitmanager
BungeeSuite
buss_web
bw-access
bw-util
bw-webdav
cadmium
caelum-stella
calc
calculatorService
camel-ical
camel-lab
camel-poc
CanaryGUI
CanTheSpam
Carrit
carrot-karaf-feature-core
cas
cas-addons
cassandra-triggers
cassandra-tutorial
cassandra-webconsole
CassJMeter
catamaran
catena
cdk
cdo-cli
celements-core
ChessCraft
Chinese-Whispers
CHPlotMe
CinemaSystem
Citizens2
classmembersorter
cleo
cleo-primer
cli
cli-parser
cli-test
cli-util
cli-wm-browse
clj-ds
clojure-maven-plugin
cloudbot
Cloud-Healing
cloudhopper-smpp
clyde
cmdline
cMoose
cmop
CMQueue
cntro-timeline
cobertura-plugin
codecombine
coderwall-clamshell
codjo-tools-github
coffeecan
coffee-maven-plugin
Collections
comm
commad-pattern-with-guice
CommandBin
commandbook
commander
CommandHandler
commandhelper
Command-IConomy
commandline
command-line-parser
command-manager
command-me
command-me-examples
CommandSuite
compensations
composite-dao
compress
com.zwitserloot.cmdreader
concur-battle
concurrent
config-magic
configuration-healthcheck
conga-mokol
ConsoleClient
console-linenumber-plugin
consumer-dispatcher
contactlist
contentflow4gwt
core
CotizacionDivisas
CowHealth
cpr
CraftBukkit
CraftBukkit-Bleeding
CraftBukkitPlusPlus
crawler
crawler4j
credex
css-selectors
CsvEngine
custom-mlt
cwierkacz
danielsfirst
daoDemo
dashboard
Dashboard
datacube
dataloader
dataporter
db-migration-cmdline
dbtools-android
DeathNotifier
DefensiveCoding
de.flapdoodle.wicket
democontinuousintegrationhudson
DependencyCheck
dependency-integrity
deskbop
DevBukkit
devcenter-java
devoxxfr2013-javaee7
DevStarter
dextranet
DiabloMiner
DICOMService
DiskLruCache
disruptorWizard
Dita-13-ScopedKeyspacePOC
diversify-statements
DMS_Internship
dndTest
docs-style
docx4j
dojo-guava
dojotags
DplaJavaWrapper
DroidAtScreen1
drools-planner
dropwizard-gelf
dsi-tools
DSpace
dude
dynalink
DynamicRecruiter
dynjs
dynmap
Dynmap-CommandBook
easyhash
ec2-plugin
ecb
ecm
EggShell
elasticflume
elasticsearch-ansj-analysis-plugin
elasticsearch-jetty
elasticsearch-mocksolrplugin
elasticsearch-river-couchdb
elasticsearch-river-jdbc
elasticsearch-river-mongodb
elasticsearch-river-rabbitmq
elfinder-j-connector
Email
email-ext-plugin
embedmongo.flapdoodle.de
embedmongo-maven-plugin
EMDS
emite
employees
ems-cluster-distribution
encog-java-examples
encog-java-workbench
Entrecine1
Entrecine3
enunciate
epnoi
epnoiTools
ethiopia-pillreminder
eventpoolservice
EventProcessing
Events.java
Ex2.3maven
examples
ExcelCompare
extacrm
ExternalBrowserExtractorHTML
Eyespy-Plugin-Development
facebook-client
Faretra
fastcatsearch-ir
fastjson
faunus
fcrepo
fcrepo4
fcrepo-bagit-object-serialization
fcrepo-kitchen-sink
fcrepo-object-serialization
fcrepo-sequencer-archives
fest-assert-2.x
figaro
FileSystem
fileupload
FilmeUtils
FindBugsPlugin
findmyseries
fixture-dot-io
fixture-factory
flags
flatsearcher
FluentLenium
flumebase
flume-cassandra-plugin
fluxtream-cli
flyingsaucer
FMC
fms
follow
fongo
foodtrucklocator
FootballSimulator
foresight
forge-curl-plugin
forge-intellij-idea-plugin
formulaic
fourup
FractalMate
frames
fred
freebase-power-tools
freehep-argv
FrenchPress
furnace
fuse
gaa.vargas.auto.springmvc
gab.vargas.uabc.oop1.pro6.jaxb
gab.vargas.uabc.oop1.pro7.mvc
gab.vargas.uabc.oop2.pro17.springmvc
gab.vargas.uabc.oop2.pro18.requestmapping
gab.vargas.uabc.oop2.pro19.handliingform
gatein-portal-quickstart
gatling
gcm-server
GCViewer
gelfj
gendobr
geohash-java
geoplatform-base-app
geo-scheduling
gerrit-owners
gerry
ggsp
github-api
github-oauth-plugin
github-plugin
git-like-cli
git-plugin
git-teamcity
gittf
Global-Health-Explorer
Glowstone-old
glue-brms
glumox
gndws
gnip4j
golo-lang
google-app-engine-jappstart
gotadate-cli
grails-maven
graph-collections
graphviz4java
greenfield
greenhouse
greenproject2
grendel
greplin-bloom-filter
greplin-lucene-utils
greplin-zookeeper-utils
grisu-template
growlnotify-java
Guardian
guvnor
gwtblie
gwt-bootstrap
gwt-maven-plugin
gwt-notifications
haaci
hackerlab-bigdata-basico
hadoop-sampling
hadoop-test
haivvreo
Halleck
hank
harjar
hatatitla
HawkEye
hawtdb
hawtdispatch
hayescommandset-test
hazelcast
hbase
hbase-connector
hbase-dsl
HBaseHUT
hbase-schema-manager
hbase-transactional-tableindexed
HBaseWD
hcatalog
hcsmp-common
hdfs-cli
hdup
heapaudit
hector-examples
hector-jpa
hello-easyui
herokuJavaTemplate
hibernate-example
hibernate-memcached
hibernate-ogm
hibernate-search
hibernate-validator
high-scale-lib
hisaab
hisaab.common
hivedb
hive-io-experimental
Hive-JSON-Serde
homepage
hon-lucene-synonyms
horse
hs4j
httpFolder
HTTP.java
http-tap
Hudson-GIT-plugin
HudsonPluginForPlay
iAdReportDownload
idea-sbt-plugin
Iglu-Telnet-Server
imagemagickcompareutil
indextank-engine
infinispan-server
InfoUSA
inspektr
int_app_oblig4
InvoiceSystem
invokebinder
IpponRecrute
ISAcreator
izpack
j4-minimal
jabara-general
jabara-jax-rs
jabara-jetty-memcached
jackson-annotations
jackson-core
jackson-databind
jackson-dataformat-protobuf
jackson-dataformat-thrift
jackson-datatype-guava
jackson-datatype-joda
jackson-datatype-json-org
jackson-datatype-jsr310
jackson-datatype-jsr353
jackson-module-afterburner
JActor
jactor-logger
jade4j
jaide-s3
jai-imageio-core
jalgorithm
James
janbanery-shell
jandex
jangaroo-tools
jansi
jargs
jasmine-maven-plugin
jasper-runner
jastyle
java_algorhythm
java-api-wrapper
java-apns
JavaBeanstalkClient
java-c2dm
java-cas-client
Java-Chronicle
java-classmate
java-cloudfiles
javaee7-sample
javaewah
javaflags
JavaGrep
JavaIOC
java-megaman-yahtzee
java-merge-sort
java-rest-binding
java-sdk
java-simplegeo
javaspecialists
Java-Thread-Affinity
Java-WebSocket
jaxb-cdi
jaxrs-cxf-camel-spring-example
JBake
jbinlog
jboss-as-maven-plugin
jboss-batch-api_spec
jboss-el-api_spec
jboss-jaxrs-api_spec
jboss-jms-api_spec
jboss-modules
jboss-rails
jboss-remoting
jbpm5-web-example
jbtimporter
jchronic
jcli
JCloisterZone
jcommander
JContentManagement
jdbccli
jdbcdslog-exp
JDBC-Technologie-UG2
jdbi
jdbi-annotation
JDBM3
jdeb
jd-java-spring
jdungeonquest
jeasywebframework
jedis
jelly
JEmailer
jenkins_campfire_plugin
jenkins-control-plugin
jenkins-hipchat-plugin
jenkins-notification-sample
jenkins-sonar-plugin
jersey-eap6-hello-world
jerspring
jesque
jessica
jetpackager
jetty-pkg
jetty-websocket
Jetwick
jewelcli
jhoh
Jibber
jillegal-compiler-demo
jillegal-core-demo
jira-mailru-assignee-cf
jira-mailru-plugins-edit-for-groups-fields
jira-mailru-user-pickers
jira-plugin
jitescript
jk
jline
jline2
jmeter-maven-plugin
jmeter-readncache
jmimemagic
jmokos
jmustache
jmx-cli
jmxstat
jmxterm
jmxutils
JNetty
jobConfigHistory-plugin
job-node-stalker
Jobs
joda-money
joda-time
JODCommandLine
johm
jolokia
jongo
jopt-simple
jots
Journal.IO
JPACertJavaEE
jpatterns
jreversepro
jsap-cli-archetype
jsch-startup
jse-utils
jsi
json-schema-validator
jsoup
jspwiki
jterminal
jubula-maven-plugin
julien
jwsystem
jxamp
jxmllint
KataWordWrap
ketterat
khs-report-writer
kiji-bento
killbill-zuora-plugin
knn
koan-lang
kofblog
kuali_rice
l4y-android
Lambdava
lantern
larm-doms-exporter
ldap-connector
ldap-plugin
learch
LemonLine-Network-Solver
lesscss-engine
lesscss-maven-plugin
lesscss-servlet
LessOr100
lettuce
leveldb
lexevs-service
liblinear-java
library
lib-scripty
libvirt-java
lib-windows-remote-command
lidoviewer
linebreaker
LineReaderService
linq4j
list-command-plugin
LittleProxy
LiWIDE
locator
log4mongo-java
logback
logback-gelf
LogBlock
logline
lognit-cli
log-remover
lokman
lols-cli
lols-validator
longcat
lorsource
low-gc-membuffers
lu
LuceneAnalyzer
lucene-interval-fields
LunaChat
lyUtil
MagicSigns
mahout
MailingListOnline-Server
mailoverlord
Mapify
marine-api
markdownj
mater-dei
maven-android-plugin
maven-artifact-fetcher
maven-doxia
maven-doxia-sitetools
MavenEngine
maven-git-commit-id-plugin
maven-jetty-pluto-embedded
maven-nar-plugin
MavenPlugin
maven-remote-exec-plugin
maven-soapui-extension-plugin
maven-stapler-plugin
maven-thrift-plugin
maven-yamlpom-plugin
MBeanToucher
mcMMO
mcMMO-extras
McNairMinecraftManager
mdao
mediaCapturePrototype
memvache
menagerie
mercurial-plugin
messagelord
metabroadcast-test01
metabroadcast-test02
MeteorMiner
meteor-websms
mgwt
MiA
micmiu-webv1
microsoft-translator-java-api
midas-silver
MineBans
Minecraft-API
Minitexto
miniweb
mirror
Missile-Command
model-objects
module-command
modules
moneybag
Moneychanger
mongo-jackson-mapper
mongo-java-server
Mongo-Tomcat-Sessions
moonjava-flight-web
MOTDChanger
movies
mower
mp3agic
msgpack-java
msneg
mTor
multiline-tabbar-pluigin
Multiverse-Core
Multiverse-Portals
murdock
mustache.java
mvel
myAppFinal
mybatis-mysql
mylist
mynosqladmin
mypatientbook
MyPet
nash
natty
Nausicaa
ndn-acp-client
nekohtml
neo4j-clean-remote-db-addon
NervousNetwork
netbout-helpers
netbout-spi
netty-isdn-transport
nettyrider
netty-socketio
netty-tools
NewRecipes
Nexus
ngweb-test-helpers
ngwmn
ninja-appengine
NPCLib
nuxeo-notifier
nya
oauth2-client
Octobot
octopus-job-ws
odb-jpql-cli
odds
oddtransport
omicron
omid
once
onebusaway-cli
oneinstance
onlineBotRepository
openblocks
opencga-lib
openengsb-connector-presentation
openengsb-domain-presentation
OpenNMS
openolat-pa
openshift-java-client
openshift-test
opensub-cmd
openutils-mgnlaws
opi
options-util
optiq
organic-java-core
org.json.me
org.openworm.simulationengine.frontend
org.openworm.simulationengine.solver.sph
ozone
ozp-kernel
paper2ebook
parquet-mr
patricia-trie
patterns-labs
PAUtil
pavelbrazda
pdfeh
pegdown
perf4j
perforce-plugin
performance-plugin
PerformTask
PermissionsBukkit
PermissionsEx
PetStore
philheart
photon-core
physiotoolkit-wrapper
pignlproc
pig-vector
pi-lop
pipes
play-commons
play-dcep
PlayerDoll-copy
PlayerVaults
play-eventadapters
playing-jBPM5
PlugMan
Plume
pma-uglyTriviaGame
PMOV_ReminderServer
PointMilesFront
poligonos
pontoholambra
portico-msgpack
POST
prairie-ome-tiff
preon
PresentationCucumber
PrimeFacesMobile
Processing-command-line-arguments-in-Java
promoted-builds-plugin
properly
PrototipoWF
ps3mediaserver
pts-esd-carsystem
pts-esd-sumowrapper
publican
pubnotes-server
pv168-project
PvPHeadDrop
QRGen
qsandra
quercus-gae
quickbooks-connector
quickdt
Quizard
rainbow
Ratonero
raven-java
reader
redback-core
RedeemMe
redirect
redline
redline-smalltalk
reflect
rentalMovies
repo-plugin
reporty-ng
rest-driver
resty-gwt
resumemaker
riak-data-migrator
riak-java-pb-client
ringo
RoadRunner
roboguice
roboguice-sherlock
robolectric
RobolectricSample
robot
rondo-dm
RPG
RRS
rss
rssriver
rss-to-n0tice
ru_itbasis_demo_spring-security
Run4WinTournamentManager
Rythm
s3-wagon-private
SafeDims
SalvageSmelter
sample
SamplePlugin
SANSIL-confirma
sardine
sass-java
sat3
savings
SBObjectiveList
sbt-plugin
scaffolding
scala-maven-plugin
scalariform-maven-plugin
scale7-pelops
schola
scoot
ScrapBukkit
ScraperPC
scribe-java
ScrollingMenuSign
scrutineer
scumd
SDFEconomy
seed-jaxrs
selenium-plugin
selenium-screenshot-recorder
semmul
sepr4bar
serveexec
server
Service-Location-Service
services
ServletWithCDI
sfa-reg
Shark
shell-task-pool
showcase
sicci_for_xcode
sifarish
sign-in-with-twitter
Silverpeas-Core
SimpleBan
SimpleCalc
SimpleClans
sjdbcx
skmclauncher
skype-java-api
slf4j
SlimUpdate
smacklig
smartsprites
snacktory
snappy
snaptree
snoozeclient
soa-poc
socket.io-netty
sonar-intellij-plugin
sonar-mfeathers-quadrant-plugin
sonatype-aether
spark
spatial4j
specialGive
speed4j
Spell
SpiderCache
Spitfire
sport-league-system
Spout
SpoutAPI
SpoutWallet
spreadsheeter
spring3part7
spring-android
spring-cli
spring-context-import
spring-data-commons
spring-data-graph
spring-data-jpa
spring-data-keyvalue
spring-data-mongodb
spring-data-neo4j
spring-elasticsearch
spring-example
spring-hateoas
spring-integration-aws
spring-integration-pop3-sample
SpringIOC_struts2_hibernate_skeleton
SpringJPA
spring-modules
spring-mvc
spring-mvc-31-demo
spring-mvc-quickstart-archetype
spring-petclinic
spring-rest-api-docs-maven-plugin
spring-rest-service
SpringSecurityFunctional
spring-security-oauth
spring-service-bootstrap
spring-test-mvc
Sprout
sqlautoreview
sql-to-json
ssh-credentials-plugin
SSKapp
stapler
StarDapioSpring
statshtable
s-tea
stemshell
stevia
stmbntool
stonelion
store
storm-amqp-spout
storm-cassandra
storm-counts
storm-esper
storm-mongo
stream-lib
stripe-java
student-portal
study-spring
subversion-plugin
SudoAlias
swagger4spring-web
swagger-codegen
swagger-springmvc
swagger-springmvc-example
Swallow
SwiftRiver-API
swiftriver-api-java
swiftriver-core-dropqueue-processor
swiftriver-core-rules-processor
swingbinding
syncope
synergyj-ejemplo
systemConfiguration
systemeDeFichier
SystemeDeFichiers
tachyon
tahrir
tapas2go
tapestry5-hotel-booking
tapestry-bootstrap
tapestry-caching
taskworker-examples-iMinds
tatami
tc-opts
tdd-tetris-tutorial
tddworkshop
TEH
TeleportSuite_old
tenpinj
test
testatoo
test_core
testDojo
test_launcher
testng
testresteasy
test_server
TextGame
The-Webindex-Pubby
thymeleaf-tech-talk
tika-exiftool
TimedPEX
tkc_skeleton
tls-writer
ToHPluginUtils
TomP2P
Tool
toprakhareketi
torrent
TP_java
TProfiler
transfor
treemachine
ttorrent
Tudu-Lists
Tumbl
TunderePortMapper
tutorial
TweetApp
twilio-java
txtmark
ukl-registry-poc
UMS
unikkit
unirest-java
UniversalMediaServer
UniversityApp
unplutofy
useraccountapp
Utils
VanishNoPacket
ventaweb
vertx-mod-jersey
Vidada
viewVC-plugin
violations-plugin
virtualbox-cloudify-driver
vmrun-java-wrapper
vngx-jsch
votifier
VoxelDoop
vraptor-authentication
vSpawn
waad-federation-saml2
waad-federation-wsfed
WandminPlugin
watch-dog
wave
way-base
way-cnab
way-io
webapp-runner
webbit
web-development
webint
Web-Karma-Public
weblogic-cli
WebStub
WebStubDemo
weenyconsole
what-analyzer
wid-3dniche
wikihadoop
wildclient
wink.js
wizard
wonderdog
wooki
work_purehttp
worldCupMascot
Wormhole-X-Treme-Worlds-Spawn
wrigglegriggle
ws
wtrader
xAuth
Xaxox
xcode-plugin
XFramework
xlsxTOppt
xMail
xmemcached
xmut-shop
xmvn
xpathapi-jaxp
xproc-maven-plugin
Xylophone
yahrzeit
yarrgs
yit-android-rssreader
yourwall
zhrms
zkclient
zkexec
ZombieLink
zookeeper-client
zt-zip
